// Jest Snapshot v1, https://goo.gl/fbAQLP

exports[`<Button /> spec it renders the component 1`] = `
<button
  class="css-zr4f50"
>
  Click me
</button>
`;
