// Jest Snapshot v1, https://goo.gl/fbAQLP

exports[`<Nav /> spec it renders the component 1`] = `
<button
  class="css-nj2cbt"
>
  Vaults
</button>
`;
