// Jest Snapshot v1, https://goo.gl/fbAQLP

exports[`<Logo /> spec it renders the component 1`] = `
<div
  class="css-b300w3"
>
  Not connected
</div>
`;
